
> lms-portal-optimized@0.1.0 build
> prisma generate && next build

node.exe : Loaded Prisma config from prisma.config.ts.
At line:1 char:1
+ & "C:\Program Files\nodejs/node.exe" "C:\Program 
Files\nodejs/node_mo ...
+ 
~~~~~~~~~~~~~~~~~~~~~~~~~~~~~~~~~~~~~~~~~~~~~~~~~~~~~~~~~~~~~~~~~~~~~
    + CategoryInfo          : NotSpecified: (Loaded Prisma c...isma.c 
   onfig.ts.:String) [], RemoteException
    + FullyQualifiedErrorId : NativeCommandError
 

Prisma schema loaded from prisma\schema.prisma.
warn Preview feature "driverAdapters" is deprecated. The 
functionality can be used without specifying it as a preview feature.

Γ£ö Generated Prisma Client (v7.9.1) to .\node_modules\@prisma\client in 270ms

Start by importing your Prisma Client (See: https://pris.ly/d/importing-client)


Γû▓ Next.js 16.2.12 (Turbopack)
- Environments: .env.local, .env
- Experiments (use with caution):
  ┬╖ optimizePackageImports

ΓÜá The "middleware" file convention is deprecated. Please use 
"proxy" instead. Learn more: 
https://nextjs.org/docs/messages/middleware-to-proxy
  Creating an optimized production build ...
Γ£ô Compiled successfully in 16.1s
  Skipping validation of types
  Finished TypeScript config validation in 28ms ...
  Collecting page data using 15 workers ...
Γ¿» Invalid segment configuration export detected. This can cause 
unexpected behavior from the configs not being applied. You should 
see the relevant failures in the logs above. Please fix them to 
continue.
